// Jest Snapshot v1, https://goo.gl/fbAQLP

exports[`Body DynamicBody matches the snapshot 1`] = `<DocumentFragment />`;
