// Jest Snapshot v1, https://goo.gl/fbAQLP

exports[`ArticlesPages matches the snapshot 1`] = `
<DocumentFragment>
  <nav
    aria-label="pagination"
    class="mx-auto flex w-full justify-center"
    role="navigation"
  >
    <ul
      class="flex flex-row items-center gap-1"
    >
      <li
        class=""
      >
        <a
          class="inline-flex items-center justify-center gap-2 whitespace-nowrap rounded-md text-sm font-medium transition-all duration-500 focus-visible:outline-none focus-visible:outline-blog-foreground-readable-hover disabled:pointer-events-none disabled:opacity-50 [&_svg]:pointer-events-none [&_svg]:size-4 [&_svg]:shrink-0 hover:bg-accent hover:text-accent-foreground h-9 w-9 max-[800px]:text-xs"
          href="?page=1"
        >
          1
        </a>
      </li>
      <li
        class=""
      >
        <span
          aria-hidden="true"
          class="flex h-9 w-9 items-center justify-center"
        >
          <svg
            class="lucide lucide-ellipsis size-4 max-[800px]:size-3"
            fill="none"
            height="24"
            stroke="currentColor"
            stroke-linecap="round"
            stroke-linejoin="round"
            stroke-width="2"
            viewBox="0 0 24 24"
            width="24"
            xmlns="http://www.w3.org/2000/svg"
          >
            <circle
              cx="12"
              cy="12"
              r="1"
            />
            <circle
              cx="19"
              cy="12"
              r="1"
            />
            <circle
              cx="5"
              cy="12"
              r="1"
            />
          </svg>
          <span
            class="sr-only"
          >
            More pages
          </span>
        </span>
      </li>
      <li
        class=""
      >
        <a
          class="inline-flex items-center justify-center gap-2 whitespace-nowrap rounded-md text-sm font-medium transition-all duration-500 focus-visible:outline-none focus-visible:outline-blog-foreground-readable-hover disabled:pointer-events-none disabled:opacity-50 [&_svg]:pointer-events-none [&_svg]:size-4 [&_svg]:shrink-0 hover:bg-accent hover:text-accent-foreground size-9 max-[800px]:size-8 max-[800px]:text-xs"
          href="?page=4"
        >
          4
        </a>
      </li>
      <li
        class=""
      >
        <a
          aria-current="page"
          class="inline-flex items-center justify-center gap-2 whitespace-nowrap rounded-md text-sm font-medium transition-all duration-500 focus-visible:outline-none focus-visible:outline-blog-foreground-readable-hover disabled:pointer-events-none disabled:opacity-50 [&_svg]:pointer-events-none [&_svg]:size-4 [&_svg]:shrink-0 text-blog-foreground-highlight bg-[hsl(0,0%,14.9%)] shadow-sm hover:bg-[hsl(0,0%,14.9%)] size-9 max-[800px]:size-8 max-[800px]:text-xs"
          href="?page=5"
        >
          5
        </a>
      </li>
      <li
        class=""
      >
        <a
          class="inline-flex items-center justify-center gap-2 whitespace-nowrap rounded-md text-sm font-medium transition-all duration-500 focus-visible:outline-none focus-visible:outline-blog-foreground-readable-hover disabled:pointer-events-none disabled:opacity-50 [&_svg]:pointer-events-none [&_svg]:size-4 [&_svg]:shrink-0 hover:bg-accent hover:text-accent-foreground size-9 max-[800px]:size-8 max-[800px]:text-xs"
          href="?page=6"
        >
          6
        </a>
      </li>
      <li
        class=""
      >
        <span
          aria-hidden="true"
          class="flex h-9 w-9 items-center justify-center"
        >
          <svg
            class="lucide lucide-ellipsis size-4 max-[800px]:size-3"
            fill="none"
            height="24"
            stroke="currentColor"
            stroke-linecap="round"
            stroke-linejoin="round"
            stroke-width="2"
            viewBox="0 0 24 24"
            width="24"
            xmlns="http://www.w3.org/2000/svg"
          >
            <circle
              cx="12"
              cy="12"
              r="1"
            />
            <circle
              cx="19"
              cy="12"
              r="1"
            />
            <circle
              cx="5"
              cy="12"
              r="1"
            />
          </svg>
          <span
            class="sr-only"
          >
            More pages
          </span>
        </span>
      </li>
      <li
        class=""
      >
        <a
          class="inline-flex items-center justify-center gap-2 whitespace-nowrap rounded-md text-sm font-medium transition-all duration-500 focus-visible:outline-none focus-visible:outline-blog-foreground-readable-hover disabled:pointer-events-none disabled:opacity-50 [&_svg]:pointer-events-none [&_svg]:size-4 [&_svg]:shrink-0 hover:bg-accent hover:text-accent-foreground size-9 max-[800px]:size-8 max-[800px]:text-xs"
          href="?page=10"
        >
          10
        </a>
      </li>
    </ul>
  </nav>
</DocumentFragment>
`;
