// Jest Snapshot v1, https://goo.gl/fbAQLP

exports[`Categories Categories component matches the snapshot 1`] = `
<DocumentFragment>
  <section
    class="mb-10"
  >
    <div
      class="bg-fixed bg-[size:8px_8px] bg-[image:radial-gradient(hsl(0,_0%,_94%)_1px,_transparent_0)] dark:bg-[image:radial-gradient(hsl(0,_0%,_16%)_1px,_transparent_0)] after:absolute after:inset-0 after:pointer-events-none after:rounded-lg after:inset-ring after:inset-ring-gray-950/50 relative grid grid-rows-[repeat(3,minmax(20px,1fr))] justify-center pt-20 pb-[81px]"
    >
      <div
        class="absolute top-0 h-20 left-0 right-0 opacity-90 bg-blog-fade-dot-up"
      />
      <article
        aria-label="TÃ³pico: viduo"
        class="max-w-screen-2xl mx-auto flex items-center"
        data-testid="article-topic"
        role="region"
      >
        <div
          class="flex justify-center flex-wrap gap-6 col-start-2 max-lg:col-start-1 px-4"
        >
          <div
            class="w-full flex justify-center"
          >
            <h2
              class="text-[2.5rem] font-extrabold text-center max-[800px]:text-[2rem]"
              id="topic-title-f8fbb3f0-46c3-4df2-a906-0f6fcd2192b6"
            >
              viduo
            </h2>
          </div>
        </div>
      </article>
      <article
        aria-label="Ferramentas e tecnologias"
        class="max-w-screen-2xl mx-auto flex items-center"
        data-testid="article-tools"
      >
        <ul
          aria-label="Lista das ferramentas e tecnologias abordadas neste artigo"
          class="max-w-[500px] mx-auto flex flex-wrap gap-6 justify-center items-center px-4"
          data-testid="article-tools-list"
          role="list"
        >
          <li
            class="flex items-center gap-2"
            data-testid="68a489e5-a372-4e6d-86e6-59dd9193be89"
            role="listitem"
          >
            <img
              alt="Considero vespillo suppellex ipsam attollo cunae tenax vulariter aer appono taedium triumphus alienus."
              data-nimg="1"
              decoding="async"
              height="32"
              loading="lazy"
              src="/_next/image?url=http%3A%2F%2F127.0.0.1%3A1337%2Fopt%2Fsharelest.png&w=64&q=75"
              srcset="/_next/image?url=http%3A%2F%2F127.0.0.1%3A1337%2Fopt%2Fsharelest.png&w=32&q=75 1x, /_next/image?url=http%3A%2F%2F127.0.0.1%3A1337%2Fopt%2Fsharelest.png&w=64&q=75 2x"
              style="color: transparent;"
              width="32"
            />
            <a
              aria-label="Abrir nova aba com site oficial de Aperio porro convoco tenetur administratio amo stella dolorum mollitia."
              class="text-blog-foreground-readable hover:text-blog-foreground-readable-hover rounded focus-within:outline focus-within:outline-2 focus-within:outline-blog-foreground-readable-hover"
              data-state="closed"
              href="/usr/portsunnaturally_distinction.png"
              rel="noopener noreferrer"
              target="_blank"
            >
              Aperio porro convoco tenetur administratio amo stella dolorum mollitia.
            </a>
          </li>
          <li
            class="flex items-center gap-2"
            data-testid="f2354416-08f7-499e-9bd5-e26b5ed230d5"
            role="listitem"
          >
            <img
              alt="Dicta soleo vilicus titulus anser venustas spiculum comitatus sustineo."
              data-nimg="1"
              decoding="async"
              height="32"
              loading="lazy"
              src="/_next/image?url=http%3A%2F%2F127.0.0.1%3A1337%2Fhomeovercharge_procrastinate.png&w=64&q=75"
              srcset="/_next/image?url=http%3A%2F%2F127.0.0.1%3A1337%2Fhomeovercharge_procrastinate.png&w=32&q=75 1x, /_next/image?url=http%3A%2F%2F127.0.0.1%3A1337%2Fhomeovercharge_procrastinate.png&w=64&q=75 2x"
              style="color: transparent;"
              width="32"
            />
            <a
              aria-label="Abrir nova aba com site oficial de Anser defluo canonicus magnam balbus dolorem vinum."
              class="text-blog-foreground-readable hover:text-blog-foreground-readable-hover rounded focus-within:outline focus-within:outline-2 focus-within:outline-blog-foreground-readable-hover"
              data-state="closed"
              href="/opt/binscamper_delectable_chip.png"
              rel="noopener noreferrer"
              target="_blank"
            >
              Anser defluo canonicus magnam balbus dolorem vinum.
            </a>
          </li>
          <li
            class="flex items-center gap-2"
            data-testid="1c51b809-c0a4-4618-bf41-df7eebd2d648"
            role="listitem"
          >
            <img
              alt="Animus amita eaque soleo trucido molestias concido substantia audeo concedo."
              data-nimg="1"
              decoding="async"
              height="32"
              loading="lazy"
              src="/_next/image?url=http%3A%2F%2F127.0.0.1%3A1337%2Fprocstiff_oof.png&w=64&q=75"
              srcset="/_next/image?url=http%3A%2F%2F127.0.0.1%3A1337%2Fprocstiff_oof.png&w=32&q=75 1x, /_next/image?url=http%3A%2F%2F127.0.0.1%3A1337%2Fprocstiff_oof.png&w=64&q=75 2x"
              style="color: transparent;"
              width="32"
            />
            <a
              aria-label="Abrir nova aba com site oficial de Aetas cito circumvenio subiungo vis inventore catena succedo."
              class="text-blog-foreground-readable hover:text-blog-foreground-readable-hover rounded focus-within:outline focus-within:outline-2 focus-within:outline-blog-foreground-readable-hover"
              data-state="closed"
              href="/etc/namedbum.png"
              rel="noopener noreferrer"
              target="_blank"
            >
              Aetas cito circumvenio subiungo vis inventore catena succedo.
            </a>
          </li>
          <li
            class="flex items-center gap-2"
            data-testid="22c171fd-3db1-44ab-b527-c834c7c2ace4"
            role="listitem"
          >
            <img
              alt="Aegrus trucido tutamen vergo texo tubineus."
              data-nimg="1"
              decoding="async"
              height="32"
              loading="lazy"
              src="/_next/image?url=http%3A%2F%2F127.0.0.1%3A1337%2Flost%2Bfoundgah_er.png&w=64&q=75"
              srcset="/_next/image?url=http%3A%2F%2F127.0.0.1%3A1337%2Flost%2Bfoundgah_er.png&w=32&q=75 1x, /_next/image?url=http%3A%2F%2F127.0.0.1%3A1337%2Flost%2Bfoundgah_er.png&w=64&q=75 2x"
              style="color: transparent;"
              width="32"
            />
            <a
              aria-label="Abrir nova aba com site oficial de Claudeo adaugeo sono vir natus coepi comprehendo deprecator vorago."
              class="text-blog-foreground-readable hover:text-blog-foreground-readable-hover rounded focus-within:outline focus-within:outline-2 focus-within:outline-blog-foreground-readable-hover"
              data-state="closed"
              href="/opt/sbinjacket_energetically.png"
              rel="noopener noreferrer"
              target="_blank"
            >
              Claudeo adaugeo sono vir natus coepi comprehendo deprecator vorago.
            </a>
          </li>
          <li
            class="flex items-center gap-2"
            data-testid="1a01ef13-fea7-4c7f-bca1-b12d99bdf101"
            role="listitem"
          >
            <img
              alt="Sui adipiscor delectatio corpus aequus nobis aetas stella desolo urbs."
              data-nimg="1"
              decoding="async"
              height="32"
              loading="lazy"
              src="/_next/image?url=http%3A%2F%2F127.0.0.1%3A1337%2Fetc%2Fmailcasement.png&w=64&q=75"
              srcset="/_next/image?url=http%3A%2F%2F127.0.0.1%3A1337%2Fetc%2Fmailcasement.png&w=32&q=75 1x, /_next/image?url=http%3A%2F%2F127.0.0.1%3A1337%2Fetc%2Fmailcasement.png&w=64&q=75 2x"
              style="color: transparent;"
              width="32"
            />
            <a
              aria-label="Abrir nova aba com site oficial de Coruscus peior animus creta clementia spero aro voluptate adhuc."
              class="text-blog-foreground-readable hover:text-blog-foreground-readable-hover rounded focus-within:outline focus-within:outline-2 focus-within:outline-blog-foreground-readable-hover"
              data-state="closed"
              href="/etc/defaultsreplacement.png"
              rel="noopener noreferrer"
              target="_blank"
            >
              Coruscus peior animus creta clementia spero aro voluptate adhuc.
            </a>
          </li>
          <li
            class="flex items-center gap-2"
            data-testid="655ad8b9-b92d-4248-bae2-099b2c12210a"
            role="listitem"
          >
            <img
              alt="Beatus atavus doloremque basium tamquam."
              data-nimg="1"
              decoding="async"
              height="32"
              loading="lazy"
              src="/_next/image?url=http%3A%2F%2F127.0.0.1%3A1337%2Fetc%2Fdefaultsunless_lady.png&w=64&q=75"
              srcset="/_next/image?url=http%3A%2F%2F127.0.0.1%3A1337%2Fetc%2Fdefaultsunless_lady.png&w=32&q=75 1x, /_next/image?url=http%3A%2F%2F127.0.0.1%3A1337%2Fetc%2Fdefaultsunless_lady.png&w=64&q=75 2x"
              style="color: transparent;"
              width="32"
            />
            <a
              aria-label="Abrir nova aba com site oficial de Argentum clementia caries sumo quasi perferendis vorax cetera."
              class="text-blog-foreground-readable hover:text-blog-foreground-readable-hover rounded focus-within:outline focus-within:outline-2 focus-within:outline-blog-foreground-readable-hover"
              data-state="closed"
              href="/Systemphew_luck.png"
              rel="noopener noreferrer"
              target="_blank"
            >
              Argentum clementia caries sumo quasi perferendis vorax cetera.
            </a>
          </li>
        </ul>
      </article>
      <article
        aria-label="Tags"
        class=""
        data-testid="article-tags"
      >
        <div
          class="max-w-screen-lg mx-auto"
        >
          <ul
            aria-label="Lista de tags"
            class="flex justify-center flex-wrap gap-x-4 gap-y-2 blog-heading col-start-2 max-lg:col-start-1 px-40 max-[800px]:px-4"
            data-testid="article-tags-list"
            role="list"
          >
            <li
              aria-labelledby="Tag-1"
              class="flex items-center gap-2"
              data-testid="b65ae4a6-0000-44cf-a6ce-4af9b165c2c8"
              role="listitem"
            >
              <span
                class="text-[#808080] italic"
              >
                Tenetur fuga certus cribro.
              </span>
            </li>
            <li
              aria-labelledby="Tag-2"
              class="flex items-center gap-2"
              data-testid="34a6f3b4-e8ee-4fca-97e7-fb9452cab7f2"
              role="listitem"
            >
              <span
                class="text-[#808080] italic"
              >
                Adhuc suppellex.
              </span>
            </li>
            <li
              aria-labelledby="Tag-3"
              class="flex items-center gap-2"
              data-testid="439d087f-51f7-4784-8ab9-96a1509feb8c"
              role="listitem"
            >
              <span
                class="text-[#808080] italic"
              >
                Congregatio dedico.
              </span>
            </li>
            <li
              aria-labelledby="Tag-4"
              class="flex items-center gap-2"
              data-testid="ec8825ae-9bca-4dad-8eec-081d705cceab"
              role="listitem"
            >
              <span
                class="text-[#808080] italic"
              >
                Amor patrocinor.
              </span>
            </li>
            <li
              aria-labelledby="Tag-5"
              class="flex items-center gap-2"
              data-testid="73bd2d4d-a87d-49cf-824a-22fee4870026"
              role="listitem"
            >
              <span
                class="text-[#808080] italic"
              >
                Curo.
              </span>
            </li>
            <li
              aria-labelledby="Tag-6"
              class="flex items-center gap-2"
              data-testid="c095fbec-a160-4f92-b45a-4f4d8154f6a5"
              role="listitem"
            >
              <span
                class="text-[#808080] italic"
              >
                Eius ustulo.
              </span>
            </li>
            <li
              aria-labelledby="Tag-7"
              class="flex items-center gap-2"
              data-testid="36a9af44-d70e-4e66-9f51-a42a1f35e90e"
              role="listitem"
            >
              <span
                class="text-[#808080] italic"
              >
                Cattus.
              </span>
            </li>
            <li
              aria-labelledby="Tag-8"
              class="flex items-center gap-2"
              data-testid="8c87ce71-2efb-49ec-ab8b-5dc806729042"
              role="listitem"
            >
              <span
                class="text-[#808080] italic"
              >
                Attonbitus.
              </span>
            </li>
            <li
              aria-labelledby="Tag-9"
              class="flex items-center gap-2"
              data-testid="f4830b57-028a-4af5-9dcb-deb0398f9ca1"
              role="listitem"
            >
              <span
                class="text-[#808080] italic"
              >
                Arceo deleniti.
              </span>
            </li>
            <li
              aria-labelledby="Tag-10"
              class="flex items-center gap-2"
              data-testid="9cadd1e6-a447-4f6f-8fc6-6c61d4acbf8e"
              role="listitem"
            >
              <span
                class="text-[#808080] italic"
              >
                Fuga officiis.
              </span>
            </li>
            <li
              aria-labelledby="Tag-11"
              class="flex items-center gap-2"
              data-testid="3cef5f64-b032-45e2-bfcd-7e9e5ff62f3c"
              role="listitem"
            >
              <span
                class="text-[#808080] italic"
              >
                Sursum.
              </span>
            </li>
            <li
              aria-labelledby="Tag-12"
              class="flex items-center gap-2"
              data-testid="18d13cbc-845b-4f43-b512-d12d3f426068"
              role="listitem"
            >
              <span
                class="text-[#808080] italic"
              >
                Creptio correptius cupressus.
              </span>
            </li>
            <li
              aria-labelledby="Tag-13"
              class="flex items-center gap-2"
              data-testid="322cf849-295c-4ff1-a33f-b2054df4c560"
              role="listitem"
            >
              <span
                class="text-[#808080] italic"
              >
                Deprimo.
              </span>
            </li>
            <li
              aria-labelledby="Tag-14"
              class="flex items-center gap-2"
              data-testid="2d378623-81ed-4117-80f1-88968611e6ad"
              role="listitem"
            >
              <span
                class="text-[#808080] italic"
              >
                Soleo.
              </span>
            </li>
            <li
              aria-labelledby="Tag-15"
              class="flex items-center gap-2"
              data-testid="4765cb27-ef6d-452b-9707-465b1867a88b"
              role="listitem"
            >
              <span
                class="text-[#808080] italic"
              >
                Stillicidium cometes repudiandae.
              </span>
            </li>
          </ul>
        </div>
      </article>
      <div
        class="absolute bottom-0 h-20 left-0 right-0 opacity-90 bg-blog-fade-dot-down"
      />
    </div>
  </section>
</DocumentFragment>
`;
