// Jest Snapshot v1, https://goo.gl/fbAQLP

exports[`BreadCrumb matches the snapshot 1`] = `
<DocumentFragment>
  <nav
    aria-label="breadcrumb"
    class="mb-4"
    data-testid="breadcrumb"
  >
    <ol
      class="flex flex-wrap items-center gap-1.5 break-words text-sm sm:gap-2.5 text-blog-foreground-readable"
    >
      <li
        class="inline-flex items-center gap-1.5"
      >
        <a
          class="transition-colors duration-500 text-blog-foreground-readable hover:text-blog-foreground-readable-hover [&_a]:hover:text-blog-foreground-readable-hover"
          data-testid="breadcrumb-home"
          href="/"
        >
          Home
        </a>
      </li>
      <li
        aria-hidden="true"
        class="[&>svg]:w-3.5 [&>svg]:h-3.5"
        role="presentation"
      >
        <svg
          class="lucide lucide-slash"
          fill="none"
          height="24"
          stroke="currentColor"
          stroke-linecap="round"
          stroke-linejoin="round"
          stroke-width="2"
          viewBox="0 0 24 24"
          width="24"
          xmlns="http://www.w3.org/2000/svg"
        >
          <path
            d="M22 2 2 22"
          />
        </svg>
      </li>
      <li
        class="inline-flex items-center gap-1.5"
      >
        <a
          class="transition-colors duration-500 text-blog-foreground-readable hover:text-blog-foreground-readable-hover [&_a]:hover:text-blog-foreground-readable-hover"
          data-testid="breadcrumb-article"
          href="/artigos"
        >
          Artigos
        </a>
      </li>
      <li
        aria-hidden="true"
        class="[&>svg]:w-3.5 [&>svg]:h-3.5"
        role="presentation"
      >
        <svg
          class="lucide lucide-slash"
          fill="none"
          height="24"
          stroke="currentColor"
          stroke-linecap="round"
          stroke-linejoin="round"
          stroke-width="2"
          viewBox="0 0 24 24"
          width="24"
          xmlns="http://www.w3.org/2000/svg"
        >
          <path
            d="M22 2 2 22"
          />
        </svg>
      </li>
      <span
        aria-current="page"
        aria-disabled="true"
        class="font-normal"
        role="link"
      >
        <a
          class="transition-colors duration-500 text-blog-foreground-readable hover:text-blog-foreground-readable-hover [&_a]:hover:text-blog-foreground-readable-hover"
          data-testid="breadcrumb-article-topic"
          href="/artigos?topic=ciencia-da-computacao"
        >
          Ciência da Computação
        </a>
      </span>
      <li
        aria-hidden="true"
        class="[&>svg]:w-3.5 [&>svg]:h-3.5"
        role="presentation"
      >
        <svg
          class="lucide lucide-slash"
          fill="none"
          height="24"
          stroke="currentColor"
          stroke-linecap="round"
          stroke-linejoin="round"
          stroke-width="2"
          viewBox="0 0 24 24"
          width="24"
          xmlns="http://www.w3.org/2000/svg"
        >
          <path
            d="M22 2 2 22"
          />
        </svg>
      </li>
      <li
        class="inline-flex items-center gap-1.5"
      >
        <span
          aria-current="page"
          aria-disabled="true"
          class="font-normal relative text-blog-foreground-highlight after:absolute after:top-[calc(100%_+_4px)] after:left-0 after:w-full after:h-0.5 after:rounded-full after:bg-gradient-to-r after:from-transparent after:to-blog-foreground-highlight"
          data-testid="breadcrumb-article-title"
          role="link"
        >
          Lorem, ipsum dolor sit amet consectetur adipisicing elit.
        </span>
      </li>
    </ol>
  </nav>
</DocumentFragment>
`;
