// Jest Snapshot v1, https://goo.gl/fbAQLP

exports[`DarkModeToggle matches the snapshot 1`] = `
<DocumentFragment>
  <button
    aria-label="BotÃ£o de alternar tema de claro para escuro"
    class="relative focus:outline-blog-foreground-highlight"
    data-state="closed"
    data-testid="dark-mode-toggle"
    role="group"
    tabindex="0"
  >
    <div
      class="flex shrink-0 justify-center items-center rounded-full size-8 cursor-pointer bg-blog-background-1 dark:bg-[hsl(0,0%,14.9%,0.75)]"
    >
      <div
        class="absolute duration-[600ms] transition-all pointer-events-none p-1"
        data-testid="moon-button"
        style="opacity: 0; transform: rotate(0deg);"
        tabindex="-1"
      >
        <svg
          class="text-xl text-[#40b88c]"
          fill="currentColor"
          height="1em"
          stroke="currentColor"
          stroke-width="0"
          viewBox="0 0 384 512"
          width="1em"
          xmlns="http://www.w3.org/2000/svg"
        >
          <path
            d="M223.5 32C100 32 0 132.3 0 256S100 480 223.5 480c60.6 0 115.5-24.2 155.8-63.4c5-4.9 6.3-12.5 3.1-18.7s-10.1-9.7-17-8.5c-9.8 1.7-19.8 2.6-30.1 2.6c-96.9 0-175.5-78.8-175.5-176c0-65.8 36-123.1 89.3-153.3c6.1-3.5 9.2-10.5 7.7-17.3s-7.3-11.9-14.3-12.5c-6.3-.5-12.6-.8-19-.8z"
          />
        </svg>
      </div>
      <div
        class="absolute duration-[600ms] transition-all pointer-events-none p-1"
        data-testid="sun-button"
        style="opacity: 1; transform: rotate(0deg);"
        tabindex="-1"
      >
        <svg
          class="text-xl text-[#fbbf24]"
          fill="currentColor"
          height="1em"
          stroke="currentColor"
          stroke-width="0"
          viewBox="0 0 512 512"
          width="1em"
          xmlns="http://www.w3.org/2000/svg"
        >
          <path
            d="M256 118a22 22 0 0 1-22-22V48a22 22 0 0 1 44 0v48a22 22 0 0 1-22 22zm0 368a22 22 0 0 1-22-22v-48a22 22 0 0 1 44 0v48a22 22 0 0 1-22 22zm113.14-321.14a22 22 0 0 1-15.56-37.55l33.94-33.94a22 22 0 0 1 31.11 31.11l-33.94 33.94a21.93 21.93 0 0 1-15.55 6.44zM108.92 425.08a22 22 0 0 1-15.55-37.56l33.94-33.94a22 22 0 1 1 31.11 31.11l-33.94 33.94a21.94 21.94 0 0 1-15.56 6.45zM464 278h-48a22 22 0 0 1 0-44h48a22 22 0 0 1 0 44zm-368 0H48a22 22 0 0 1 0-44h48a22 22 0 0 1 0 44zm307.08 147.08a21.94 21.94 0 0 1-15.56-6.45l-33.94-33.94a22 22 0 0 1 31.11-31.11l33.94 33.94a22 22 0 0 1-15.55 37.56zM142.86 164.86a21.89 21.89 0 0 1-15.55-6.44l-33.94-33.94a22 22 0 0 1 31.11-31.11l33.94 33.94a22 22 0 0 1-15.56 37.55zM256 358a102 102 0 1 1 102-102 102.12 102.12 0 0 1-102 102z"
          />
        </svg>
      </div>
      <span
        aria-live="polite"
        class="sr-only"
        data-testid="dark-mode-toggle-span"
        role="status"
      >
        Tema claro
      </span>
    </div>
  </button>
</DocumentFragment>
`;
