// Jest Snapshot v1, https://goo.gl/fbAQLP

exports[`ProgressBar matches the snapshot 1`] = `
<DocumentFragment>
  <div
    aria-labelledby="progressbar-label"
    aria-live="polite"
    aria-valuemax="100"
    aria-valuemin="0"
    aria-valuenow="0"
    class="fixed top-[calc(100%_+_1px)] left-0 h-1 w-full inline-grid"
    data-testid="progress"
    id="progress"
    role="progressbar"
  >
    <div
      class="h-full col-start-1 row-start-1 bg-gradient-to-r from-transparent to-blog-foreground-highlight blur-xl rounded-full hidden max-lg:block"
      data-testid="progress-bar-blur"
      id="progress-bar-blur"
      style="width: 0%;"
    />
    <div
      class="h-full col-start-1 row-start-1 bg-gradient-to-r from-transparent to-blog-foreground-highlight rounded-full hidden max-lg:block"
      data-testid="progress-bar"
      id="progress-bar"
      style="width: 0%;"
    />
    <span
      class="sr-only"
      id="progressbar-label"
    >
      Progresso de rolagem da p√°gina
    </span>
  </div>
</DocumentFragment>
`;
