// Jest Snapshot v1, https://goo.gl/fbAQLP

exports[`LastPublishedArticleCard matches the snapshot 1`] = `
<DocumentFragment>
  <div
    class="w-full py-4 mb-10 border-y border-blog-border bg-blog-background-2"
    data-testid="last-published-article-card-container"
    id="last-published-article-card-container"
  >
    <div
      class="max-w-screen-2xl mx-auto flex items-center"
    >
      <a
        class="w-full"
        data-testid="last-published-article-card-link"
        href="artigos/3d3e79c8-431b-472e-8464-a99444522ff3/subseco-tergum-acerbitas-nesciunt-ab-dolorum"
        id="last-published-article-card-link"
      >
        <div
          class="relative h-[500px]"
          data-testid="last-published-article-card-image-container"
          id="last-published-article-card-image-container"
        >
          <img
            alt="Molestias cognatus tremo soluta vos amita nobis demergo solio carbo."
            class="absolute object-cover"
            data-nimg="fill"
            decoding="async"
            loading="lazy"
            sizes="(max-width: 512) 100vw"
            src="/_next/image?url=http%3A%2F%2F127.0.0.1%3A1337%2Fthe%2Fup%2Fout%2Fsociable%2Fphooey_through_bare.png&w=3840&q=75"
            srcset="/_next/image?url=http%3A%2F%2F127.0.0.1%3A1337%2Fthe%2Fup%2Fout%2Fsociable%2Fphooey_through_bare.png&w=640&q=75 640w, /_next/image?url=http%3A%2F%2F127.0.0.1%3A1337%2Fthe%2Fup%2Fout%2Fsociable%2Fphooey_through_bare.png&w=750&q=75 750w, /_next/image?url=http%3A%2F%2F127.0.0.1%3A1337%2Fthe%2Fup%2Fout%2Fsociable%2Fphooey_through_bare.png&w=828&q=75 828w, /_next/image?url=http%3A%2F%2F127.0.0.1%3A1337%2Fthe%2Fup%2Fout%2Fsociable%2Fphooey_through_bare.png&w=1080&q=75 1080w, /_next/image?url=http%3A%2F%2F127.0.0.1%3A1337%2Fthe%2Fup%2Fout%2Fsociable%2Fphooey_through_bare.png&w=1200&q=75 1200w, /_next/image?url=http%3A%2F%2F127.0.0.1%3A1337%2Fthe%2Fup%2Fout%2Fsociable%2Fphooey_through_bare.png&w=1920&q=75 1920w, /_next/image?url=http%3A%2F%2F127.0.0.1%3A1337%2Fthe%2Fup%2Fout%2Fsociable%2Fphooey_through_bare.png&w=2048&q=75 2048w, /_next/image?url=http%3A%2F%2F127.0.0.1%3A1337%2Fthe%2Fup%2Fout%2Fsociable%2Fphooey_through_bare.png&w=3840&q=75 3840w"
            style="position: absolute; height: 100%; width: 100%; left: 0px; top: 0px; right: 0px; bottom: 0px; color: transparent;"
          />
          <div
            class="w-full absolute bottom-0 flex flex-col gap-2 px-20 max-[800px]:px-12 max-[500px]:px-4 py-4 backdrop-blur-xl backdrop-brightness-150"
            data-testid="last-published-article-card-paragraph-container"
            id="last-published-article-card-paragraph-container"
          >
            <p
              class="text-white font-extrabold text-4xl max-[800px]:text-3xl max-[500px]:text-2xl"
            >
              Subseco tergum acerbitas nesciunt ab dolorum.
            </p>
            <p
              class="text-white text-xl max-[800px]:text-lg max-[500px]:text-base max-h-[calc(1.75rem_*_3)] line-clamp-3 max-[500px]:max-h-[calc(1.5rem_*_2)] max-[500px]:line-clamp-2"
            >
              Voro caute thorax usus vesco abbas delinquo vomica cubitum torqueo in tepidus deorsum adamo aiunt amoveo casso vobis ratione totam maxime rem tonsor.
            </p>
            <p>
              <small
                class="flex justify-center text-white text-xs"
              >
                <time>
                  3 de dezembro de 2021, Ã s 02:40
                </time>
              </small>
            </p>
          </div>
        </div>
      </a>
    </div>
  </div>
</DocumentFragment>
`;
